// Jest Snapshot v1, https://goo.gl/fbAQLP

exports[`vaults.service getPendingYield returns pending reward tokens from the underlying yield source 1`] = `
Object {
  "lastHarvestedAt": 1649865952,
  "tokenRewards": Array [
    Object {
      "address": "0xD533a949740bb3306d119CC777fa900bA034cd52",
      "balance": 3.14,
      "decimals": 18,
      "name": "Curve DAO Token",
      "symbol": "CRV",
    },
    Object {
      "address": "0x4e3fbd56cd56c3e72c1403e103b45db9da5b9d2b",
      "balance": 0.069,
      "decimals": 18,
      "name": "Convex DAO Token",
      "symbol": "CVX",
    },
  ],
}
`;
