// Jest Snapshot v1, https://goo.gl/fbAQLP

exports[`governance.service loadProposalsDisputes should return events with status changes for proposals 1`] = `
Array [
  Object {
    "address": "0xC4611233328559Dd1849947bC1e2b3B6b8714fa9",
    "args": Array [
      "0xe9bfab585a583ae5cc2395f40bfb61b5c93dee4356079f1c642d7157be8300c8",
      "0xef42D748e09A2d9eF89238c053CE0B6f00236210",
      "Disputed",
    ],
    "blockHash": "0xb48bea6fe4f87cd4323437a9700529db1a8ab5f0376835e46a403f5dfe16806f",
    "blockNumber": 34941480,
    "data": "0x000000000000000000000000fc13209cafe8fb3bb5fbd929ec9f11a39e8ac041000000000000000000000000000000000000000000000000000000000000000000000000000000000000000000000000000000000000000000000000000000e0000000000000000000000000000000000000000000000000000000000000000000000000000000000000000000000000000000000000000000000000638bc098000000000000000000000000ef42d748e09a2d9ef89238c053ce0b6f00236210000000000000000000000000000000000000000000000000000000000000014000000000000000000000000000000000000000000000000000000000000000248a0dac4a000000000000000000000000c69fb085481bc8c4bff99b924076656305d9a25d00000000000000000000000000000000000000000000000000000000000000000000000000000000000000000000000000000000000000000000000850726f706f736564000000000000000000000000000000000000000000000000",
    "event": "CallDisputed",
    "eventSignature": "CallDisputed(bytes32,address,string)",
    "logIndex": 6,
    "removed": false,
    "topics": Array [
      "0x21f5c7d6a15760b2a1e87a9b8cff0ad5e6423cd8f41e04f2196934b1d3859de6",
      "0xe9bfab585a583ae5cc2395f40bfb61b5c93dee4356079f1c642d7157be8300c8",
      "0x0000000000000000000000000000000000000000000000000000000000000000",
    ],
    "transactionHash": "0xdb286638e5dc3a62c2c814fe61016ad0e49349bbba0fcce2b36640a42b70cac3",
    "transactionIndex": 2,
  },
  Object {
    "address": "0xC4611233328559Dd1849947bC1e2b3B6b8714fa9",
    "args": Array [
      "0xe9bfab585a583ae5cc2395f40bfb61b5c93dee4356079f1c642d7157be8300c8",
      "0xef42D748e09A2d9eF89238c053CE0B6f00236210",
      "Disputed",
    ],
    "blockHash": "0xb48bea6fe4f87cd4323437a9700529db1a8ab5f0376835e46a403f5dfe16806f",
    "blockNumber": 34941481,
    "data": "0x000000000000000000000000e774d1fb3133b037aa17d39165b8f45f444f632d000000000000000000000000000000000000000000000000000000000000000000000000000000000000000000000000000000000000000000000000000000e0000000000000000000000000000000000000000000000000000000000000000000000000000000000000000000000000000000000000000000000000638bc098000000000000000000000000ef42d748e09a2d9ef89238c053ce0b6f0023621000000000000000000000000000000000000000000000000000000000000001400000000000000000000000000000000000000000000000000000000000000024c7b9d530000000000000000000000000e8ea1d8b3a5a4cec7e94ae330ff18e82b5d22fa600000000000000000000000000000000000000000000000000000000000000000000000000000000000000000000000000000000000000000000000850726f706f736564000000000000000000000000000000000000000000000000",
    "event": "CallDisputed",
    "eventSignature": "CallDisputed(bytes32,address,string)",
    "logIndex": 7,
    "removed": false,
    "topics": Array [
      "0x21f5c7d6a15760b2a1e87a9b8cff0ad5e6423cd8f41e04f2196934b1d3859de6",
      "0xe9bfab585a583ae5cc2395f40bfb61b5c93dee4356079f1c642d7157be8300c8",
      "0x0000000000000000000000000000000000000000000000000000000000000001",
    ],
    "transactionHash": "0xdb286638e5dc3a62c2c814fe61016ad0e49349bbba0fcce2b36640a42b70cac3",
    "transactionIndex": 2,
  },
]
`;

exports[`governance.service loadProposalsStatusChanges should return events with status changes for proposals in sorted way 1`] = `
Array [
  Object {
    "address": "0xC4611233328559Dd1849947bC1e2b3B6b8714fa9",
    "args": Array [
      "0xe9bfab585a583ae5cc2395f40bfb61b5c93dee4356079f1c642d7157be8300c8",
      Object {
        "hex": "0x00",
        "type": "BigNumber",
      },
      "0xFc13209cAfE8fb3bb5fbD929eC9F11a39e8Ac041",
      Object {
        "hex": "0x00",
        "type": "BigNumber",
      },
      "0x8a0dac4a000000000000000000000000c69fb085481bc8c4bff99b924076656305d9a25d",
      "0x0000000000000000000000000000000000000000000000000000000000000000",
      "Executed",
    ],
    "blockHash": "0xb48bea6fe4f87cd4323437a9700529db1a8ab5f0376835e46a403f5dfe16806f",
    "blockNumber": 34941480,
    "data": "0x000000000000000000000000fc13209cafe8fb3bb5fbd929ec9f11a39e8ac041000000000000000000000000000000000000000000000000000000000000000000000000000000000000000000000000000000000000000000000000000000e0000000000000000000000000000000000000000000000000000000000000000000000000000000000000000000000000000000000000000000000000638bc098000000000000000000000000ef42d748e09a2d9ef89238c053ce0b6f00236210000000000000000000000000000000000000000000000000000000000000014000000000000000000000000000000000000000000000000000000000000000248a0dac4a000000000000000000000000c69fb085481bc8c4bff99b924076656305d9a25d00000000000000000000000000000000000000000000000000000000000000000000000000000000000000000000000000000000000000000000000850726f706f736564000000000000000000000000000000000000000000000000",
    "event": "CallExecuted",
    "eventSignature": "CallExecuted(bytes32,uint256,address,uint256,bytes,address,string)",
    "logIndex": 6,
    "removed": false,
    "topics": Array [
      "0x21f5c7d6a15760b2a1e87a9b8cff0ad5e6423cd8f41e04f2196934b1d3859de6",
      "0xe9bfab585a583ae5cc2395f40bfb61b5c93dee4356079f1c642d7157be8300c8",
      "0x0000000000000000000000000000000000000000000000000000000000000000",
    ],
    "transactionHash": "0xdb286638e5dc3a62c2c814fe61016ad0e49349bbba0fcce2b36640a42b70cac3",
    "transactionIndex": 2,
  },
  Object {
    "address": "0xC4611233328559Dd1849947bC1e2b3B6b8714fa9",
    "args": Array [
      "0xe9bfab585a583ae5cc2395f40bfb61b5c93dee4356079f1c642d7157be8300c8",
      Object {
        "hex": "0x01",
        "type": "BigNumber",
      },
      "0xe774D1FB3133b037AA17D39165b8F45f444f632d",
      Object {
        "hex": "0x00",
        "type": "BigNumber",
      },
      "0xc7b9d530000000000000000000000000e8ea1d8b3a5a4cec7e94ae330ff18e82b5d22fa6",
      "0x0000000000000000000000000000000000000000000000000000000000000000",
      "Executed",
    ],
    "blockHash": "0xb48bea6fe4f87cd4323437a9700529db1a8ab5f0376835e46a403f5dfe16806f",
    "blockNumber": 34941481,
    "data": "0x000000000000000000000000e774d1fb3133b037aa17d39165b8f45f444f632d000000000000000000000000000000000000000000000000000000000000000000000000000000000000000000000000000000000000000000000000000000e0000000000000000000000000000000000000000000000000000000000000000000000000000000000000000000000000000000000000000000000000638bc098000000000000000000000000ef42d748e09a2d9ef89238c053ce0b6f0023621000000000000000000000000000000000000000000000000000000000000001400000000000000000000000000000000000000000000000000000000000000024c7b9d530000000000000000000000000e8ea1d8b3a5a4cec7e94ae330ff18e82b5d22fa600000000000000000000000000000000000000000000000000000000000000000000000000000000000000000000000000000000000000000000000850726f706f736564000000000000000000000000000000000000000000000000",
    "event": "CallExecuted",
    "eventSignature": "CallExecuted(bytes32,uint256,address,uint256,bytes,address,string)",
    "logIndex": 7,
    "removed": false,
    "topics": Array [
      "0x21f5c7d6a15760b2a1e87a9b8cff0ad5e6423cd8f41e04f2196934b1d3859de6",
      "0xe9bfab585a583ae5cc2395f40bfb61b5c93dee4356079f1c642d7157be8300c8",
      "0x0000000000000000000000000000000000000000000000000000000000000001",
    ],
    "transactionHash": "0xdb286638e5dc3a62c2c814fe61016ad0e49349bbba0fcce2b36640a42b70cac3",
    "transactionIndex": 2,
  },
  Object {
    "address": "0xC4611233328559Dd1849947bC1e2b3B6b8714fa9",
    "args": Array [
      "0xe9bfab585a583ae5cc2395f40bfb61b5c93dee4356079f1c642d7157be8300c8",
      "0xef42D748e09A2d9eF89238c053CE0B6f00236210",
      "Was kind bad",
      "Cencelled",
    ],
    "blockHash": "0xb48bea6fe4f87cd4323437a9700529db1a8ab5f0376835e46a403f5dfe16806f",
    "blockNumber": 34941482,
    "data": "0x000000000000000000000000fc13209cafe8fb3bb5fbd929ec9f11a39e8ac041000000000000000000000000000000000000000000000000000000000000000000000000000000000000000000000000000000000000000000000000000000e0000000000000000000000000000000000000000000000000000000000000000000000000000000000000000000000000000000000000000000000000638bc098000000000000000000000000ef42d748e09a2d9ef89238c053ce0b6f00236210000000000000000000000000000000000000000000000000000000000000014000000000000000000000000000000000000000000000000000000000000000248a0dac4a000000000000000000000000c69fb085481bc8c4bff99b924076656305d9a25d00000000000000000000000000000000000000000000000000000000000000000000000000000000000000000000000000000000000000000000000850726f706f736564000000000000000000000000000000000000000000000000",
    "event": "Cancelled",
    "eventSignature": "Cancelled(bytes32,address,string,string)",
    "logIndex": 6,
    "removed": false,
    "topics": Array [
      "0x21f5c7d6a15760b2a1e87a9b8cff0ad5e6423cd8f41e04f2196934b1d3859de6",
      "0xe9bfab585a583ae5cc2395f40bfb61b5c93dee4356079f1c642d7157be8300c8",
      "0x0000000000000000000000000000000000000000000000000000000000000000",
    ],
    "transactionHash": "0xdb286638e5dc3a62c2c814fe61016ad0e49349bbba0fcce2b36640a42b70cac3",
    "transactionIndex": 2,
  },
  Object {
    "address": "0xC4611233328559Dd1849947bC1e2b3B6b8714fa9",
    "args": Array [
      "0xe9bfab585a583ae5cc2395f40bfb61b5c93dee4356079f1c642d7157be8300c8",
      "0xFc13209cAfE8fb3bb5fbD929eC9F11a39e8Ac041",
      "For lots of reasons",
      "Rejected",
    ],
    "blockHash": "0xb48bea6fe4f87cd4323437a9700529db1a8ab5f0376835e46a403f5dfe16806f",
    "blockNumber": 34941482,
    "data": "0x000000000000000000000000fc13209cafe8fb3bb5fbd929ec9f11a39e8ac041000000000000000000000000000000000000000000000000000000000000000000000000000000000000000000000000000000000000000000000000000000e0000000000000000000000000000000000000000000000000000000000000000000000000000000000000000000000000000000000000000000000000638bc098000000000000000000000000ef42d748e09a2d9ef89238c053ce0b6f00236210000000000000000000000000000000000000000000000000000000000000014000000000000000000000000000000000000000000000000000000000000000248a0dac4a000000000000000000000000c69fb085481bc8c4bff99b924076656305d9a25d00000000000000000000000000000000000000000000000000000000000000000000000000000000000000000000000000000000000000000000000850726f706f736564000000000000000000000000000000000000000000000000",
    "event": "Rejected",
    "eventSignature": "Rejected(bytes32,address,string,string)",
    "logIndex": 6,
    "removed": false,
    "topics": Array [
      "0x21f5c7d6a15760b2a1e87a9b8cff0ad5e6423cd8f41e04f2196934b1d3859de6",
      "0xe9bfab585a583ae5cc2395f40bfb61b5c93dee4356079f1c642d7157be8300c8",
      "0x0000000000000000000000000000000000000000000000000000000000000000",
    ],
    "transactionHash": "0xdb286638e5dc3a62c2c814fe61016ad0e49349bbba0fcce2b36640a42b70cac3",
    "transactionIndex": 2,
  },
  Object {
    "address": "0xC4611233328559Dd1849947bC1e2b3B6b8714fa9",
    "args": Array [
      "0xe9bfab585a583ae5cc2395f40bfb61b5c93dee4356079f1c642d7157be8300c8",
      "0xef42D748e09A2d9eF89238c053CE0B6f00236210",
      "Was kind bad",
      "Cencelled",
    ],
    "blockHash": "0xb48bea6fe4f87cd4323437a9700529db1a8ab5f0376835e46a403f5dfe16806f",
    "blockNumber": 34941483,
    "data": "0x000000000000000000000000e774d1fb3133b037aa17d39165b8f45f444f632d000000000000000000000000000000000000000000000000000000000000000000000000000000000000000000000000000000000000000000000000000000e0000000000000000000000000000000000000000000000000000000000000000000000000000000000000000000000000000000000000000000000000638bc098000000000000000000000000ef42d748e09a2d9ef89238c053ce0b6f0023621000000000000000000000000000000000000000000000000000000000000001400000000000000000000000000000000000000000000000000000000000000024c7b9d530000000000000000000000000e8ea1d8b3a5a4cec7e94ae330ff18e82b5d22fa600000000000000000000000000000000000000000000000000000000000000000000000000000000000000000000000000000000000000000000000850726f706f736564000000000000000000000000000000000000000000000000",
    "event": "Cancelled",
    "eventSignature": "Cancelled(bytes32,address,string,string)",
    "logIndex": 7,
    "removed": false,
    "topics": Array [
      "0x21f5c7d6a15760b2a1e87a9b8cff0ad5e6423cd8f41e04f2196934b1d3859de6",
      "0xe9bfab585a583ae5cc2395f40bfb61b5c93dee4356079f1c642d7157be8300c8",
      "0x0000000000000000000000000000000000000000000000000000000000000001",
    ],
    "transactionHash": "0xdb286638e5dc3a62c2c814fe61016ad0e49349bbba0fcce2b36640a42b70cac3",
    "transactionIndex": 2,
  },
  Object {
    "address": "0xC4611233328559Dd1849947bC1e2b3B6b8714fa9",
    "args": Array [
      "0xe9bfab585a583ae5cc2395f40bfb61b5c93dee4356079f1c642d7157be8300c8",
      "0xFc13209cAfE8fb3bb5fbD929eC9F11a39e8Ac041",
      "For lots of reasons",
      "Rejected",
    ],
    "blockHash": "0xb48bea6fe4f87cd4323437a9700529db1a8ab5f0376835e46a403f5dfe16806f",
    "blockNumber": 34941483,
    "data": "0x000000000000000000000000e774d1fb3133b037aa17d39165b8f45f444f632d000000000000000000000000000000000000000000000000000000000000000000000000000000000000000000000000000000000000000000000000000000e0000000000000000000000000000000000000000000000000000000000000000000000000000000000000000000000000000000000000000000000000638bc098000000000000000000000000ef42d748e09a2d9ef89238c053ce0b6f0023621000000000000000000000000000000000000000000000000000000000000001400000000000000000000000000000000000000000000000000000000000000024c7b9d530000000000000000000000000e8ea1d8b3a5a4cec7e94ae330ff18e82b5d22fa600000000000000000000000000000000000000000000000000000000000000000000000000000000000000000000000000000000000000000000000850726f706f736564000000000000000000000000000000000000000000000000",
    "event": "Rejected",
    "eventSignature": "Rejected(bytes32,address,string,string)",
    "logIndex": 7,
    "removed": false,
    "topics": Array [
      "0x21f5c7d6a15760b2a1e87a9b8cff0ad5e6423cd8f41e04f2196934b1d3859de6",
      "0xe9bfab585a583ae5cc2395f40bfb61b5c93dee4356079f1c642d7157be8300c8",
      "0x0000000000000000000000000000000000000000000000000000000000000001",
    ],
    "transactionHash": "0xdb286638e5dc3a62c2c814fe61016ad0e49349bbba0fcce2b36640a42b70cac3",
    "transactionIndex": 2,
  },
]
`;

exports[`governance.service loadScheduledProposals should return scheduled proposals 1`] = `
Array [
  Object {
    "address": "0xC4611233328559Dd1849947bC1e2b3B6b8714fa9",
    "args": Array [
      "0xe9bfab585a583ae5cc2395f40bfb61b5c93dee4356079f1c642d7157be8300c8",
      Object {
        "hex": "0x00",
        "type": "BigNumber",
      },
      "0xFc13209cAfE8fb3bb5fbD929eC9F11a39e8Ac041",
      Object {
        "hex": "0x00",
        "type": "BigNumber",
      },
      "0x8a0dac4a000000000000000000000000c69fb085481bc8c4bff99b924076656305d9a25d",
      "0x0000000000000000000000000000000000000000000000000000000000000000",
      Object {
        "hex": "0x638bc098",
        "type": "BigNumber",
      },
      "0xef42D748e09A2d9eF89238c053CE0B6f00236210",
      "Lets invest all treasury funds into Luna tokens",
      "Proposed",
    ],
    "blockHash": "0xb48bea6fe4f87cd4323437a9700529db1a8ab5f0376835e46a403f5dfe16806f",
    "blockNumber": 34941487,
    "data": "0x000000000000000000000000fc13209cafe8fb3bb5fbd929ec9f11a39e8ac041000000000000000000000000000000000000000000000000000000000000000000000000000000000000000000000000000000000000000000000000000000e0000000000000000000000000000000000000000000000000000000000000000000000000000000000000000000000000000000000000000000000000638bc098000000000000000000000000ef42d748e09a2d9ef89238c053ce0b6f00236210000000000000000000000000000000000000000000000000000000000000014000000000000000000000000000000000000000000000000000000000000000248a0dac4a000000000000000000000000c69fb085481bc8c4bff99b924076656305d9a25d00000000000000000000000000000000000000000000000000000000000000000000000000000000000000000000000000000000000000000000000850726f706f736564000000000000000000000000000000000000000000000000",
    "event": "CallScheduled",
    "eventSignature": "CallScheduled(bytes32,uint256,address,uint256,bytes,bytes32,uint256,address,string,string)",
    "logIndex": 6,
    "removed": false,
    "topics": Array [
      "0x21f5c7d6a15760b2a1e87a9b8cff0ad5e6423cd8f41e04f2196934b1d3859de6",
      "0xe9bfab585a583ae5cc2395f40bfb61b5c93dee4356079f1c642d7157be8300c8",
      "0x0000000000000000000000000000000000000000000000000000000000000000",
    ],
    "transactionHash": "0xdb286638e5dc3a62c2c814fe61016ad0e49349bbba0fcce2b36640a42b70cac3",
    "transactionIndex": 2,
  },
  Object {
    "address": "0xC4611233328559Dd1849947bC1e2b3B6b8714fa9",
    "args": Array [
      "0xe9bfab585a583ae5cc2395f40bfb61b5c93dee4356079f1c642d7157be8300c8",
      Object {
        "hex": "0x01",
        "type": "BigNumber",
      },
      "0xe774D1FB3133b037AA17D39165b8F45f444f632d",
      Object {
        "hex": "0x00",
        "type": "BigNumber",
      },
      "0xc7b9d530000000000000000000000000e8ea1d8b3a5a4cec7e94ae330ff18e82b5d22fa6",
      "0x0000000000000000000000000000000000000000000000000000000000000000",
      Object {
        "hex": "0x638bc098",
        "type": "BigNumber",
      },
      "0xef42D748e09A2d9eF89238c053CE0B6f00236210",
      "Lets invest all treasury funds into Luna tokens",
      "Proposed",
    ],
    "blockHash": "0xb48bea6fe4f87cd4323437a9700529db1a8ab5f0376835e46a403f5dfe16806f",
    "blockNumber": 34941487,
    "data": "0x000000000000000000000000e774d1fb3133b037aa17d39165b8f45f444f632d000000000000000000000000000000000000000000000000000000000000000000000000000000000000000000000000000000000000000000000000000000e0000000000000000000000000000000000000000000000000000000000000000000000000000000000000000000000000000000000000000000000000638bc098000000000000000000000000ef42d748e09a2d9ef89238c053ce0b6f0023621000000000000000000000000000000000000000000000000000000000000001400000000000000000000000000000000000000000000000000000000000000024c7b9d530000000000000000000000000e8ea1d8b3a5a4cec7e94ae330ff18e82b5d22fa600000000000000000000000000000000000000000000000000000000000000000000000000000000000000000000000000000000000000000000000850726f706f736564000000000000000000000000000000000000000000000000",
    "event": "CallScheduled",
    "eventSignature": "CallScheduled(bytes32,uint256,address,uint256,bytes,bytes32,uint256,address,string)",
    "logIndex": 7,
    "removed": false,
    "topics": Array [
      "0x21f5c7d6a15760b2a1e87a9b8cff0ad5e6423cd8f41e04f2196934b1d3859de6",
      "0xe9bfab585a583ae5cc2395f40bfb61b5c93dee4356079f1c642d7157be8300c8",
      "0x0000000000000000000000000000000000000000000000000000000000000001",
    ],
    "transactionHash": "0xdb286638e5dc3a62c2c814fe61016ad0e49349bbba0fcce2b36640a42b70cac3",
    "transactionIndex": 2,
  },
]
`;

exports[`governance.service timelock controller address getter should return the timeLock address 1`] = `"0xd2ac6abdd6acbdfab7228f5d4983de2f643d5735"`;
